// Bun Snapshot v1, https://bun.sh/docs/test/snapshots

exports[`snapshots Badge (danger) 1`] = `"<span class="undefined undefined"><span aria-hidden="true"></span>Risco alto</span>"`;

exports[`snapshots Card (com tendência) 1`] = `"<div><div><span>Alunos ativos</span></div><span>1.284</span><div><span class="undefined undefined">+12%</span><span>vs. mês anterior</span></div></div>"`;

exports[`snapshots LoadingSpinner (lg) 1`] = `"<div class="undefined undefined" role="status"><div aria-hidden="true"></div><span class="sr-only">Carregando…</span></div>"`;
